// Jest Snapshot v1, https://goo.gl/fbAQLP

exports[`System should match snapshot 1`] = `
<Fragment>
  <PageHeader
    ghost={false}
    title="system.pageTitle"
  >
    system.pageDesc
  </PageHeader>
  <section
    className="padding-content"
  >
    <ForwardRef>
      <Tabs
        items={
          Array [
            Object {
              "children": <Space
                className="full-width-element"
                direction="vertical"
              >
                <SMTPSetting />
                <Wechat />
                <LarkSetting />
                <WebHook />
              </Space>,
              "key": "pushNotification",
              "label": "system.tabPaneTitle.pushNotification",
            },
            Object {
              "children": <Space
                className="full-width-element"
                direction="vertical"
              >
                <DingTalkSetting />
                <LarkAuditSetting />
              </Space>,
              "key": "processConnection",
              "label": "system.tabPaneTitle.processConnection",
            },
            Object {
              "children": <Space
                className="full-width-element"
                direction="vertical"
              >
                <LDAPSetting />
                <Oauth />
              </Space>,
              "key": "loginConnection",
              "label": "system.tabPaneTitle.loginConnection",
            },
            Object {
              "children": <GlobalSetting />,
              "key": "globalConfiguration",
              "label": "system.tabPaneTitle.globalConfiguration",
            },
            Object {
              "children": <License />,
              "key": "license",
              "label": "system.tabPaneTitle.license",
            },
            Object {
              "children": <PersonalizeSetting />,
              "key": "personalize",
              "label": "system.tabPaneTitle.personalize",
            },
          ]
        }
      />
    </ForwardRef>
  </section>
</Fragment>
`;
