// Jest Snapshot v1, https://goo.gl/fbAQLP

exports[`AuditPlan should match snapshot 1`] = `
<Fragment>
  <PageHeader
    ghost={false}
    title="auditPlan.pageTitle"
  >
    auditPlan.pageDesc
  </PageHeader>
  <section
    className="padding-content"
  >
    <Switch>
      <Route
        component={[Function]}
        exact={true}
        path="/project/:projectName/auditPlan"
      />
      <Route
        component={[Function]}
        path="/project/:projectName/auditPlan/create"
      />
      <Route
        component={[Function]}
        path="/project/:projectName/auditPlan/update/:auditPlanName"
      />
      <Redirect
        to="/project/:projectName/auditPlan"
      />
    </Switch>
  </section>
</Fragment>
`;
