// Jest Snapshot v1, https://goo.gl/fbAQLP

exports[`DataSource should render page title and page describe 1`] = `
<article
  className="data-source-page-namespace"
>
  <PageHeader
    ghost={false}
    title="dataSource.pageTitle"
  >
    dataSource.pageDesc
  </PageHeader>
  <section
    className="padding-content"
  >
    <Switch>
      <Route
        component={[Function]}
        exact={true}
        path="/project/:projectName/data"
      />
      <Route
        component={[Function]}
        path="/project/:projectName/data/create"
      />
      <Route
        component={[Function]}
        path="/project/:projectName/data/update/:instanceName"
      />
      <Redirect
        to="/project/:projectName/data"
      />
    </Switch>
  </section>
</article>
`;
