// Jest Snapshot v1, https://goo.gl/fbAQLP

exports[`first should be rendered UserManage page when it first entered the user center 1`] = `
<div>
  <article>
    <div
      class="ant-page-header"
    >
      <div
        class="ant-page-header-heading"
      >
        <div
          class="ant-page-header-heading-left"
        >
          <span
            class="ant-page-header-heading-title"
            title="user.pageTitle"
          >
            user.pageTitle
          </span>
        </div>
      </div>
      <div
        class="ant-page-header-content"
      >
        user.pageDesc
      </div>
    </div>
    <section
      class="padding-content"
    >
      <div
        class="ant-card ant-card-bordered"
      >
        <div
          class="ant-card-body"
        >
          <div
            class="ant-tabs ant-tabs-top"
          >
            <div
              class="ant-tabs-nav"
              role="tablist"
            >
              <div
                class="ant-tabs-nav-wrap"
              >
                <div
                  class="ant-tabs-nav-list"
                  style="transform: translate(0px, 0px);"
                >
                  <div
                    class="ant-tabs-tab ant-tabs-tab-active"
                  >
                    <div
                      aria-controls="rc-tabs-test-panel-user"
                      aria-selected="true"
                      class="ant-tabs-tab-btn"
                      id="rc-tabs-test-tab-user"
                      role="tab"
                      tabindex="0"
                    >
                      menu.user
                    </div>
                  </div>
                  <div
                    class="ant-tabs-tab"
                  >
                    <div
                      aria-controls="rc-tabs-test-panel-role"
                      aria-selected="false"
                      class="ant-tabs-tab-btn"
                      id="rc-tabs-test-tab-role"
                      role="tab"
                      tabindex="0"
                    >
                      menu.role
                    </div>
                  </div>
                  <div
                    class="ant-tabs-tab"
                  >
                    <div
                      aria-controls="rc-tabs-test-panel-userGroup"
                      aria-selected="false"
                      class="ant-tabs-tab-btn"
                      id="rc-tabs-test-tab-userGroup"
                      role="tab"
                      tabindex="0"
                    >
                      menu.userGroup
                    </div>
                  </div>
                  <div
                    class="ant-tabs-ink-bar ant-tabs-ink-bar-animated"
                    style="left: 0px; width: 0px;"
                  />
                </div>
              </div>
              <div
                class="ant-tabs-nav-operations ant-tabs-nav-operations-hidden"
              >
                <button
                  aria-controls="rc-tabs-test-more-popup"
                  aria-expanded="false"
                  aria-haspopup="listbox"
                  aria-hidden="true"
                  class="ant-tabs-nav-more"
                  id="rc-tabs-test-more"
                  style="visibility: hidden; order: 1;"
                  tabindex="-1"
                  type="button"
                >
                  <span
                    aria-label="ellipsis"
                    class="anticon anticon-ellipsis"
                    role="img"
                  >
                    <svg
                      aria-hidden="true"
                      data-icon="ellipsis"
                      fill="currentColor"
                      focusable="false"
                      height="1em"
                      viewBox="64 64 896 896"
                      width="1em"
                    >
                      <path
                        d="M176 511a56 56 0 10112 0 56 56 0 10-112 0zm280 0a56 56 0 10112 0 56 56 0 10-112 0zm280 0a56 56 0 10112 0 56 56 0 10-112 0z"
                      />
                    </svg>
                  </span>
                </button>
              </div>
            </div>
            <div
              class="ant-tabs-content-holder"
            >
              <div
                class="ant-tabs-content ant-tabs-content-top"
              >
                <div
                  aria-hidden="false"
                  aria-labelledby="rc-tabs-test-tab-user"
                  class="ant-tabs-tabpane ant-tabs-tabpane-active"
                  id="rc-tabs-test-panel-user"
                  role="tabpanel"
                  tabindex="0"
                >
                  <div
                    class="ant-card ant-card-bordered"
                  >
                    <div
                      class="ant-card-head"
                    >
                      <div
                        class="ant-card-head-wrapper"
                      >
                        <div
                          class="ant-card-head-title"
                        >
                          <div
                            class="ant-space ant-space-horizontal ant-space-align-center"
                          >
                            <div
                              class="ant-space-item"
                              style="margin-right: 8px;"
                            >
                              user.userListTitle
                            </div>
                            <div
                              class="ant-space-item"
                            >
                              <button
                                class="ant-btn"
                                type="button"
                              >
                                <span
                                  aria-label="sync"
                                  class="anticon anticon-sync"
                                  role="img"
                                >
                                  <svg
                                    aria-hidden="true"
                                    data-icon="sync"
                                    fill="currentColor"
                                    focusable="false"
                                    height="1em"
                                    viewBox="64 64 896 896"
                                    width="1em"
                                  >
                                    <path
                                      d="M168 504.2c1-43.7 10-86.1 26.9-126 17.3-41 42.1-77.7 73.7-109.4S337 212.3 378 195c42.4-17.9 87.4-27 133.9-27s91.5 9.1 133.8 27A341.5 341.5 0 01755 268.8c9.9 9.9 19.2 20.4 27.8 31.4l-60.2 47a8 8 0 003 14.1l175.7 43c5 1.2 9.9-2.6 9.9-7.7l.8-180.9c0-6.7-7.7-10.5-12.9-6.3l-56.4 44.1C765.8 155.1 646.2 92 511.8 92 282.7 92 96.3 275.6 92 503.8a8 8 0 008 8.2h60c4.4 0 7.9-3.5 8-7.8zm756 7.8h-60c-4.4 0-7.9 3.5-8 7.8-1 43.7-10 86.1-26.9 126-17.3 41-42.1 77.8-73.7 109.4A342.45 342.45 0 01512.1 856a342.24 342.24 0 01-243.2-100.8c-9.9-9.9-19.2-20.4-27.8-31.4l60.2-47a8 8 0 00-3-14.1l-175.7-43c-5-1.2-9.9 2.6-9.9 7.7l-.7 181c0 6.7 7.7 10.5 12.9 6.3l56.4-44.1C258.2 868.9 377.8 932 512.2 932c229.2 0 415.5-183.7 419.8-411.8a8 8 0 00-8-8.2z"
                                    />
                                  </svg>
                                </span>
                              </button>
                            </div>
                          </div>
                        </div>
                        <div
                          class="ant-card-extra"
                        >
                          <button
                            class="ant-btn ant-btn-primary"
                            type="button"
                          >
                            <span>
                              user.createUser.button
                            </span>
                          </button>
                        </div>
                      </div>
                    </div>
                    <div
                      class="ant-card-body"
                    >
                      <form
                        class="ant-form ant-form-horizontal table-filter-form"
                      >
                        <div
                          class="ant-row"
                          style="margin-left: -12px; margin-right: -12px;"
                        >
                          <div
                            class="ant-col ant-col-xs-24 ant-col-sm-12 ant-col-xl-8 ant-col-xxl-6"
                            style="padding-left: 12px; padding-right: 12px;"
                          >
                            <div
                              class="ant-row ant-form-item"
                            >
                              <div
                                class="ant-col ant-form-item-label"
                              >
                                <label
                                  class=""
                                  for="filter_user_name"
                                  title="user.userForm.username"
                                >
                                  user.userForm.username
                                </label>
                              </div>
                              <div
                                class="ant-col ant-form-item-control"
                              >
                                <div
                                  class="ant-form-item-control-input"
                                >
                                  <div
                                    class="ant-form-item-control-input-content"
                                  >
                                    <div
                                      class="ant-select ant-select-single ant-select-show-arrow ant-select-show-search"
                                    >
                                      <div
                                        class="ant-select-selector"
                                      >
                                        <span
                                          class="ant-select-selection-search"
                                        >
                                          <input
                                            aria-activedescendant="filter_user_name_list_0"
                                            aria-autocomplete="list"
                                            aria-controls="filter_user_name_list"
                                            aria-haspopup="listbox"
                                            aria-owns="filter_user_name_list"
                                            autocomplete="off"
                                            class="ant-select-selection-search-input"
                                            id="filter_user_name"
                                            role="combobox"
                                            type="search"
                                            value=""
                                          />
                                        </span>
                                        <span
                                          class="ant-select-selection-placeholder"
                                        >
                                          user.userListFilter.usernamePlaceholder
                                        </span>
                                      </div>
                                      <span
                                        aria-hidden="true"
                                        class="ant-select-arrow"
                                        style="user-select: none;"
                                        unselectable="on"
                                      >
                                        <span
                                          aria-label="down"
                                          class="anticon anticon-down ant-select-suffix"
                                          role="img"
                                        >
                                          <svg
                                            aria-hidden="true"
                                            data-icon="down"
                                            fill="currentColor"
                                            focusable="false"
                                            height="1em"
                                            viewBox="64 64 896 896"
                                            width="1em"
                                          >
                                            <path
                                              d="M884 256h-75c-5.1 0-9.9 2.5-12.9 6.6L512 654.2 227.9 262.6c-3-4.1-7.8-6.6-12.9-6.6h-75c-6.5 0-10.3 7.4-6.5 12.7l352.6 486.1c12.8 17.6 39 17.6 51.7 0l352.6-486.1c3.9-5.3.1-12.7-6.4-12.7z"
                                            />
                                          </svg>
                                        </span>
                                      </span>
                                    </div>
                                  </div>
                                </div>
                              </div>
                            </div>
                          </div>
                          <div
                            class="ant-col text-align-right ant-col-xs-24 ant-col-sm-12 ant-col-sm-offset-0 ant-col-xl-8 ant-col-xl-offset-8 ant-col-xxl-6 ant-col-xxl-offset-12"
                            style="padding-left: 12px; padding-right: 12px;"
                          >
                            <div
                              class="ant-row ant-form-item clear-margin-right"
                            >
                              <div
                                class="ant-col ant-form-item-control"
                              >
                                <div
                                  class="ant-form-item-control-input"
                                >
                                  <div
                                    class="ant-form-item-control-input-content"
                                  >
                                    <div
                                      class="ant-space ant-space-horizontal ant-space-align-center"
                                    >
                                      <div
                                        class="ant-space-item"
                                        style="margin-right: 8px;"
                                      >
                                        <button
                                          class="ant-btn"
                                          type="button"
                                        >
                                          <span>
                                            common.reset
                                          </span>
                                        </button>
                                      </div>
                                      <div
                                        class="ant-space-item"
                                      >
                                        <button
                                          class="ant-btn ant-btn-primary"
                                          type="submit"
                                        >
                                          <span>
                                            common.search
                                          </span>
                                        </button>
                                      </div>
                                    </div>
                                  </div>
                                </div>
                              </div>
                            </div>
                          </div>
                        </div>
                      </form>
                      <div
                        class="ant-table-wrapper"
                      >
                        <div
                          class="ant-spin-nested-loading"
                        >
                          <div
                            class="ant-spin-container"
                          >
                            <div
                              class="ant-table"
                            >
                              <div
                                class="ant-table-container"
                              >
                                <div
                                  class="ant-table-content"
                                >
                                  <table
                                    style="table-layout: auto;"
                                  >
                                    <colgroup />
                                    <thead
                                      class="ant-table-thead"
                                    >
                                      <tr>
                                        <th
                                          class="ant-table-cell"
                                        >
                                          user.userForm.username
                                        </th>
                                        <th
                                          class="ant-table-cell"
                                        >
                                          user.userForm.email
                                        </th>
                                        <th
                                          class="ant-table-cell"
                                        >
                                          user.table.status
                                        </th>
                                        <th
                                          class="ant-table-cell"
                                        >
                                          user.table.userType
                                        </th>
                                        <th
                                          class="ant-table-cell"
                                        >
                                          user.userForm.userGroup
                                        </th>
                                        <th
                                          class="ant-table-cell"
                                        >
                                          user.table.operation
                                        </th>
                                        <th
                                          class="ant-table-cell"
                                        >
                                          common.operate
                                        </th>
                                      </tr>
                                    </thead>
                                    <tbody
                                      class="ant-table-tbody"
                                    >
                                      <tr
                                        class="ant-table-row ant-table-row-level-0"
                                        data-row-key="admin"
                                      >
                                        <td
                                          class="ant-table-cell"
                                        >
                                          admin
                                        </td>
                                        <td
                                          class="ant-table-cell"
                                        >
                                          a.nnrhdj@uondqxze.ph
                                        </td>
                                        <td
                                          class="ant-table-cell"
                                        >
                                          <span
                                            class="ant-typography"
                                          >
                                            user.userState.normal
                                          </span>
                                        </td>
                                        <td
                                          class="ant-table-cell"
                                        >
                                          sqle
                                        </td>
                                        <td
                                          class="ant-table-cell"
                                        >
                                          <span
                                            class="ant-tag"
                                          >
                                            group
                                          </span>
                                        </td>
                                        <td
                                          class="ant-table-cell"
                                        >
                                          
                                        </td>
                                        <td
                                          class="ant-table-cell"
                                        >
                                          <div
                                            class="ant-space ant-space-horizontal ant-space-align-center user-cell flex-end-horizontal"
                                          >
                                            <div
                                              class="ant-space-item"
                                              style="margin-right: 8px;"
                                            >
                                              <a
                                                class="ant-typography pointer"
                                              >
                                                common.edit
                                              </a>
                                            </div>
                                            <div
                                              class="ant-space-item"
                                            />
                                          </div>
                                        </td>
                                      </tr>
                                      <tr
                                        class="ant-table-row ant-table-row-level-0"
                                        data-row-key="孙艳"
                                      >
                                        <td
                                          class="ant-table-cell"
                                        >
                                          孙艳
                                        </td>
                                        <td
                                          class="ant-table-cell"
                                        >
                                          l.cjfetom@gqdrfj.lk
                                        </td>
                                        <td
                                          class="ant-table-cell"
                                        >
                                          <span
                                            class="ant-typography ant-typography-danger"
                                          >
                                            user.userState.disabled
                                          </span>
                                        </td>
                                        <td
                                          class="ant-table-cell"
                                        >
                                          ldap
                                        </td>
                                        <td
                                          class="ant-table-cell"
                                        />
                                        <td
                                          class="ant-table-cell"
                                        >
                                          
                                        </td>
                                        <td
                                          class="ant-table-cell"
                                        >
                                          <div
                                            class="ant-space ant-space-horizontal ant-space-align-center user-cell flex-end-horizontal"
                                          >
                                            <div
                                              class="ant-space-item"
                                              style="margin-right: 8px;"
                                            >
                                              <a
                                                class="ant-typography pointer"
                                              >
                                                common.edit
                                              </a>
                                            </div>
                                            <div
                                              class="ant-space-item"
                                            >
                                              <div
                                                class="ant-divider ant-divider-vertical"
                                                role="separator"
                                              />
                                              <span
                                                class="ant-typography ant-typography-danger pointer"
                                              >
                                                common.delete
                                              </span>
                                            </div>
                                          </div>
                                        </td>
                                      </tr>
                                      <tr
                                        class="ant-table-row ant-table-row-level-0"
                                        data-row-key="任敏"
                                      >
                                        <td
                                          class="ant-table-cell"
                                        >
                                          任敏
                                        </td>
                                        <td
                                          class="ant-table-cell"
                                        >
                                          l.vxrphnpbtt@wxxmrawkh.st
                                        </td>
                                        <td
                                          class="ant-table-cell"
                                        >
                                          <span
                                            class="ant-typography ant-typography-danger"
                                          >
                                            user.userState.disabled
                                          </span>
                                        </td>
                                        <td
                                          class="ant-table-cell"
                                        >
                                          sqle
                                        </td>
                                        <td
                                          class="ant-table-cell"
                                        >
                                          <span
                                            class="ant-tag"
                                          >
                                            group
                                          </span>
                                        </td>
                                        <td
                                          class="ant-table-cell"
                                        >
                                          
                                        </td>
                                        <td
                                          class="ant-table-cell"
                                        >
                                          <div
                                            class="ant-space ant-space-horizontal ant-space-align-center user-cell flex-end-horizontal"
                                          >
                                            <div
                                              class="ant-space-item"
                                              style="margin-right: 8px;"
                                            >
                                              <a
                                                class="ant-typography pointer"
                                              >
                                                common.edit
                                              </a>
                                            </div>
                                            <div
                                              class="ant-space-item"
                                            >
                                              <div
                                                class="ant-divider ant-divider-vertical"
                                                role="separator"
                                              />
                                              <span
                                                class="ant-typography ant-typography-danger pointer"
                                              >
                                                common.delete
                                              </span>
                                              <div
                                                class="ant-divider ant-divider-vertical"
                                                role="separator"
                                              />
                                              <a
                                                class="ant-typography ant-dropdown-trigger pointer"
                                              >
                                                common.more
                                                <span
                                                  aria-label="down"
                                                  class="anticon anticon-down"
                                                  role="img"
                                                >
                                                  <svg
                                                    aria-hidden="true"
                                                    data-icon="down"
                                                    fill="currentColor"
                                                    focusable="false"
                                                    height="1em"
                                                    viewBox="64 64 896 896"
                                                    width="1em"
                                                  >
                                                    <path
                                                      d="M884 256h-75c-5.1 0-9.9 2.5-12.9 6.6L512 654.2 227.9 262.6c-3-4.1-7.8-6.6-12.9-6.6h-75c-6.5 0-10.3 7.4-6.5 12.7l352.6 486.1c12.8 17.6 39 17.6 51.7 0l352.6-486.1c3.9-5.3.1-12.7-6.4-12.7z"
                                                    />
                                                  </svg>
                                                </span>
                                              </a>
                                            </div>
                                          </div>
                                        </td>
                                      </tr>
                                      <tr
                                        class="ant-table-row ant-table-row-level-0"
                                        data-row-key="贾娜"
                                      >
                                        <td
                                          class="ant-table-cell"
                                        >
                                          贾娜
                                        </td>
                                        <td
                                          class="ant-table-cell"
                                        >
                                          h.vpbbjqv@prmtjvr.lb
                                        </td>
                                        <td
                                          class="ant-table-cell"
                                        >
                                          <span
                                            class="ant-typography ant-typography-danger"
                                          >
                                            user.userState.disabled
                                          </span>
                                        </td>
                                        <td
                                          class="ant-table-cell"
                                        >
                                          ldap
                                        </td>
                                        <td
                                          class="ant-table-cell"
                                        />
                                        <td
                                          class="ant-table-cell"
                                        >
                                          
                                        </td>
                                        <td
                                          class="ant-table-cell"
                                        >
                                          <div
                                            class="ant-space ant-space-horizontal ant-space-align-center user-cell flex-end-horizontal"
                                          >
                                            <div
                                              class="ant-space-item"
                                              style="margin-right: 8px;"
                                            >
                                              <a
                                                class="ant-typography pointer"
                                              >
                                                common.edit
                                              </a>
                                            </div>
                                            <div
                                              class="ant-space-item"
                                            >
                                              <div
                                                class="ant-divider ant-divider-vertical"
                                                role="separator"
                                              />
                                              <span
                                                class="ant-typography ant-typography-danger pointer"
                                              >
                                                common.delete
                                              </span>
                                            </div>
                                          </div>
                                        </td>
                                      </tr>
                                      <tr
                                        class="ant-table-row ant-table-row-level-0"
                                        data-row-key="董静"
                                      >
                                        <td
                                          class="ant-table-cell"
                                        >
                                          董静
                                        </td>
                                        <td
                                          class="ant-table-cell"
                                        >
                                          b.yuuaipnvn@yxthkee.cq
                                        </td>
                                        <td
                                          class="ant-table-cell"
                                        >
                                          <span
                                            class="ant-typography ant-typography-danger"
                                          >
                                            user.userState.disabled
                                          </span>
                                        </td>
                                        <td
                                          class="ant-table-cell"
                                        >
                                          sqle
                                        </td>
                                        <td
                                          class="ant-table-cell"
                                        >
                                          <span
                                            class="ant-tag"
                                          >
                                            group
                                          </span>
                                        </td>
                                        <td
                                          class="ant-table-cell"
                                        >
                                          
                                        </td>
                                        <td
                                          class="ant-table-cell"
                                        >
                                          <div
                                            class="ant-space ant-space-horizontal ant-space-align-center user-cell flex-end-horizontal"
                                          >
                                            <div
                                              class="ant-space-item"
                                              style="margin-right: 8px;"
                                            >
                                              <a
                                                class="ant-typography pointer"
                                              >
                                                common.edit
                                              </a>
                                            </div>
                                            <div
                                              class="ant-space-item"
                                            >
                                              <div
                                                class="ant-divider ant-divider-vertical"
                                                role="separator"
                                              />
                                              <span
                                                class="ant-typography ant-typography-danger pointer"
                                              >
                                                common.delete
                                              </span>
                                              <div
                                                class="ant-divider ant-divider-vertical"
                                                role="separator"
                                              />
                                              <a
                                                class="ant-typography ant-dropdown-trigger pointer"
                                              >
                                                common.more
                                                <span
                                                  aria-label="down"
                                                  class="anticon anticon-down"
                                                  role="img"
                                                >
                                                  <svg
                                                    aria-hidden="true"
                                                    data-icon="down"
                                                    fill="currentColor"
                                                    focusable="false"
                                                    height="1em"
                                                    viewBox="64 64 896 896"
                                                    width="1em"
                                                  >
                                                    <path
                                                      d="M884 256h-75c-5.1 0-9.9 2.5-12.9 6.6L512 654.2 227.9 262.6c-3-4.1-7.8-6.6-12.9-6.6h-75c-6.5 0-10.3 7.4-6.5 12.7l352.6 486.1c12.8 17.6 39 17.6 51.7 0l352.6-486.1c3.9-5.3.1-12.7-6.4-12.7z"
                                                    />
                                                  </svg>
                                                </span>
                                              </a>
                                            </div>
                                          </div>
                                        </td>
                                      </tr>
                                      <tr
                                        class="ant-table-row ant-table-row-level-0"
                                        data-row-key="邱丽"
                                      >
                                        <td
                                          class="ant-table-cell"
                                        >
                                          邱丽
                                        </td>
                                        <td
                                          class="ant-table-cell"
                                        >
                                          y.bxudhff@cktuxucydm.ca
                                        </td>
                                        <td
                                          class="ant-table-cell"
                                        >
                                          <span
                                            class="ant-typography"
                                          >
                                            user.userState.normal
                                          </span>
                                        </td>
                                        <td
                                          class="ant-table-cell"
                                        >
                                          ldap
                                        </td>
                                        <td
                                          class="ant-table-cell"
                                        >
                                          <span
                                            class="ant-tag"
                                          >
                                            group
                                          </span>
                                        </td>
                                        <td
                                          class="ant-table-cell"
                                        >
                                          
                                        </td>
                                        <td
                                          class="ant-table-cell"
                                        >
                                          <div
                                            class="ant-space ant-space-horizontal ant-space-align-center user-cell flex-end-horizontal"
                                          >
                                            <div
                                              class="ant-space-item"
                                              style="margin-right: 8px;"
                                            >
                                              <a
                                                class="ant-typography pointer"
                                              >
                                                common.edit
                                              </a>
                                            </div>
                                            <div
                                              class="ant-space-item"
                                            >
                                              <div
                                                class="ant-divider ant-divider-vertical"
                                                role="separator"
                                              />
                                              <span
                                                class="ant-typography ant-typography-danger pointer"
                                              >
                                                common.delete
                                              </span>
                                            </div>
                                          </div>
                                        </td>
                                      </tr>
                                      <tr
                                        class="ant-table-row ant-table-row-level-0"
                                        data-row-key="王敏"
                                      >
                                        <td
                                          class="ant-table-cell"
                                        >
                                          王敏
                                        </td>
                                        <td
                                          class="ant-table-cell"
                                        >
                                          l.enlvcrn@xgevp.uk
                                        </td>
                                        <td
                                          class="ant-table-cell"
                                        >
                                          <span
                                            class="ant-typography"
                                          >
                                            user.userState.normal
                                          </span>
                                        </td>
                                        <td
                                          class="ant-table-cell"
                                        >
                                          sqle
                                        </td>
                                        <td
                                          class="ant-table-cell"
                                        >
                                          <span
                                            class="ant-tag"
                                          >
                                            group1
                                          </span>
                                          <span
                                            class="ant-tag"
                                          >
                                            group2
                                          </span>
                                        </td>
                                        <td
                                          class="ant-table-cell"
                                        >
                                          
                                        </td>
                                        <td
                                          class="ant-table-cell"
                                        >
                                          <div
                                            class="ant-space ant-space-horizontal ant-space-align-center user-cell flex-end-horizontal"
                                          >
                                            <div
                                              class="ant-space-item"
                                              style="margin-right: 8px;"
                                            >
                                              <a
                                                class="ant-typography pointer"
                                              >
                                                common.edit
                                              </a>
                                            </div>
                                            <div
                                              class="ant-space-item"
                                            >
                                              <div
                                                class="ant-divider ant-divider-vertical"
                                                role="separator"
                                              />
                                              <span
                                                class="ant-typography ant-typography-danger pointer"
                                              >
                                                common.delete
                                              </span>
                                              <div
                                                class="ant-divider ant-divider-vertical"
                                                role="separator"
                                              />
                                              <a
                                                class="ant-typography ant-dropdown-trigger pointer"
                                              >
                                                common.more
                                                <span
                                                  aria-label="down"
                                                  class="anticon anticon-down"
                                                  role="img"
                                                >
                                                  <svg
                                                    aria-hidden="true"
                                                    data-icon="down"
                                                    fill="currentColor"
                                                    focusable="false"
                                                    height="1em"
                                                    viewBox="64 64 896 896"
                                                    width="1em"
                                                  >
                                                    <path
                                                      d="M884 256h-75c-5.1 0-9.9 2.5-12.9 6.6L512 654.2 227.9 262.6c-3-4.1-7.8-6.6-12.9-6.6h-75c-6.5 0-10.3 7.4-6.5 12.7l352.6 486.1c12.8 17.6 39 17.6 51.7 0l352.6-486.1c3.9-5.3.1-12.7-6.4-12.7z"
                                                    />
                                                  </svg>
                                                </span>
                                              </a>
                                            </div>
                                          </div>
                                        </td>
                                      </tr>
                                      <tr
                                        class="ant-table-row ant-table-row-level-0"
                                        data-row-key="孔静"
                                      >
                                        <td
                                          class="ant-table-cell"
                                        >
                                          孔静
                                        </td>
                                        <td
                                          class="ant-table-cell"
                                        >
                                          z.uljbefgd@rdvsi.lr
                                        </td>
                                        <td
                                          class="ant-table-cell"
                                        >
                                          <span
                                            class="ant-typography ant-typography-danger"
                                          >
                                            user.userState.disabled
                                          </span>
                                        </td>
                                        <td
                                          class="ant-table-cell"
                                        >
                                          ldap
                                        </td>
                                        <td
                                          class="ant-table-cell"
                                        >
                                          <span
                                            class="ant-tag"
                                          >
                                            group
                                          </span>
                                        </td>
                                        <td
                                          class="ant-table-cell"
                                        >
                                          
                                        </td>
                                        <td
                                          class="ant-table-cell"
                                        >
                                          <div
                                            class="ant-space ant-space-horizontal ant-space-align-center user-cell flex-end-horizontal"
                                          >
                                            <div
                                              class="ant-space-item"
                                              style="margin-right: 8px;"
                                            >
                                              <a
                                                class="ant-typography pointer"
                                              >
                                                common.edit
                                              </a>
                                            </div>
                                            <div
                                              class="ant-space-item"
                                            >
                                              <div
                                                class="ant-divider ant-divider-vertical"
                                                role="separator"
                                              />
                                              <span
                                                class="ant-typography ant-typography-danger pointer"
                                              >
                                                common.delete
                                              </span>
                                            </div>
                                          </div>
                                        </td>
                                      </tr>
                                      <tr
                                        class="ant-table-row ant-table-row-level-0"
                                        data-row-key="黎洋"
                                      >
                                        <td
                                          class="ant-table-cell"
                                        >
                                          黎洋
                                        </td>
                                        <td
                                          class="ant-table-cell"
                                        >
                                          n.tlam@ilrqhnsito.tf
                                        </td>
                                        <td
                                          class="ant-table-cell"
                                        >
                                          <span
                                            class="ant-typography"
                                          >
                                            user.userState.normal
                                          </span>
                                        </td>
                                        <td
                                          class="ant-table-cell"
                                        >
                                          sqle
                                        </td>
                                        <td
                                          class="ant-table-cell"
                                        />
                                        <td
                                          class="ant-table-cell"
                                        >
                                          
                                        </td>
                                        <td
                                          class="ant-table-cell"
                                        >
                                          <div
                                            class="ant-space ant-space-horizontal ant-space-align-center user-cell flex-end-horizontal"
                                          >
                                            <div
                                              class="ant-space-item"
                                              style="margin-right: 8px;"
                                            >
                                              <a
                                                class="ant-typography pointer"
                                              >
                                                common.edit
                                              </a>
                                            </div>
                                            <div
                                              class="ant-space-item"
                                            >
                                              <div
                                                class="ant-divider ant-divider-vertical"
                                                role="separator"
                                              />
                                              <span
                                                class="ant-typography ant-typography-danger pointer"
                                              >
                                                common.delete
                                              </span>
                                              <div
                                                class="ant-divider ant-divider-vertical"
                                                role="separator"
                                              />
                                              <a
                                                class="ant-typography ant-dropdown-trigger pointer"
                                              >
                                                common.more
                                                <span
                                                  aria-label="down"
                                                  class="anticon anticon-down"
                                                  role="img"
                                                >
                                                  <svg
                                                    aria-hidden="true"
                                                    data-icon="down"
                                                    fill="currentColor"
                                                    focusable="false"
                                                    height="1em"
                                                    viewBox="64 64 896 896"
                                                    width="1em"
                                                  >
                                                    <path
                                                      d="M884 256h-75c-5.1 0-9.9 2.5-12.9 6.6L512 654.2 227.9 262.6c-3-4.1-7.8-6.6-12.9-6.6h-75c-6.5 0-10.3 7.4-6.5 12.7l352.6 486.1c12.8 17.6 39 17.6 51.7 0l352.6-486.1c3.9-5.3.1-12.7-6.4-12.7z"
                                                    />
                                                  </svg>
                                                </span>
                                              </a>
                                            </div>
                                          </div>
                                        </td>
                                      </tr>
                                      <tr
                                        class="ant-table-row ant-table-row-level-0"
                                        data-row-key="金超"
                                      >
                                        <td
                                          class="ant-table-cell"
                                        >
                                          金超
                                        </td>
                                        <td
                                          class="ant-table-cell"
                                        >
                                          v.otxzpusup@bubxdfulx.id
                                        </td>
                                        <td
                                          class="ant-table-cell"
                                        >
                                          <span
                                            class="ant-typography"
                                          >
                                            user.userState.normal
                                          </span>
                                        </td>
                                        <td
                                          class="ant-table-cell"
                                        >
                                          ldap
                                        </td>
                                        <td
                                          class="ant-table-cell"
                                        >
                                          <span
                                            class="ant-tag"
                                          >
                                            group
                                          </span>
                                        </td>
                                        <td
                                          class="ant-table-cell"
                                        >
                                          
                                        </td>
                                        <td
                                          class="ant-table-cell"
                                        >
                                          <div
                                            class="ant-space ant-space-horizontal ant-space-align-center user-cell flex-end-horizontal"
                                          >
                                            <div
                                              class="ant-space-item"
                                              style="margin-right: 8px;"
                                            >
                                              <a
                                                class="ant-typography pointer"
                                              >
                                                common.edit
                                              </a>
                                            </div>
                                            <div
                                              class="ant-space-item"
                                            >
                                              <div
                                                class="ant-divider ant-divider-vertical"
                                                role="separator"
                                              />
                                              <span
                                                class="ant-typography ant-typography-danger pointer"
                                              >
                                                common.delete
                                              </span>
                                            </div>
                                          </div>
                                        </td>
                                      </tr>
                                    </tbody>
                                  </table>
                                </div>
                              </div>
                            </div>
                            <ul
                              class="ant-pagination ant-table-pagination ant-table-pagination-right"
                              unselectable="unselectable"
                            >
                              <li
                                aria-disabled="true"
                                class="ant-pagination-prev ant-pagination-disabled"
                                title="Previous Page"
                              >
                                <button
                                  class="ant-pagination-item-link"
                                  disabled=""
                                  tabindex="-1"
                                  type="button"
                                >
                                  <span
                                    aria-label="left"
                                    class="anticon anticon-left"
                                    role="img"
                                  >
                                    <svg
                                      aria-hidden="true"
                                      data-icon="left"
                                      fill="currentColor"
                                      focusable="false"
                                      height="1em"
                                      viewBox="64 64 896 896"
                                      width="1em"
                                    >
                                      <path
                                        d="M724 218.3V141c0-6.7-7.7-10.4-12.9-6.3L260.3 486.8a31.86 31.86 0 000 50.3l450.8 352.1c5.3 4.1 12.9.4 12.9-6.3v-77.3c0-4.9-2.3-9.6-6.1-12.6l-360-281 360-281.1c3.8-3 6.1-7.7 6.1-12.6z"
                                      />
                                    </svg>
                                  </span>
                                </button>
                              </li>
                              <li
                                class="ant-pagination-item ant-pagination-item-1 ant-pagination-item-active"
                                tabindex="0"
                                title="1"
                              >
                                <a
                                  rel="nofollow"
                                >
                                  1
                                </a>
                              </li>
                              <li
                                class="ant-pagination-item ant-pagination-item-2"
                                tabindex="0"
                                title="2"
                              >
                                <a
                                  rel="nofollow"
                                >
                                  2
                                </a>
                              </li>
                              <li
                                aria-disabled="false"
                                class="ant-pagination-next"
                                tabindex="0"
                                title="Next Page"
                              >
                                <button
                                  class="ant-pagination-item-link"
                                  tabindex="-1"
                                  type="button"
                                >
                                  <span
                                    aria-label="right"
                                    class="anticon anticon-right"
                                    role="img"
                                  >
                                    <svg
                                      aria-hidden="true"
                                      data-icon="right"
                                      fill="currentColor"
                                      focusable="false"
                                      height="1em"
                                      viewBox="64 64 896 896"
                                      width="1em"
                                    >
                                      <path
                                        d="M765.7 486.8L314.9 134.7A7.97 7.97 0 00302 141v77.3c0 4.9 2.3 9.6 6.1 12.6l360 281.1-360 281.1c-3.9 3-6.1 7.7-6.1 12.6V883c0 6.7 7.7 10.4 12.9 6.3l450.8-352.1a31.96 31.96 0 000-50.4z"
                                      />
                                    </svg>
                                  </span>
                                </button>
                              </li>
                              <li
                                class="ant-pagination-options"
                              >
                                <div
                                  class="ant-select ant-pagination-options-size-changer ant-select-single ant-select-show-arrow"
                                >
                                  <div
                                    class="ant-select-selector"
                                  >
                                    <span
                                      class="ant-select-selection-search"
                                    >
                                      <input
                                        aria-activedescendant="rc_select_TEST_OR_SSR_list_0"
                                        aria-autocomplete="list"
                                        aria-controls="rc_select_TEST_OR_SSR_list"
                                        aria-haspopup="listbox"
                                        aria-owns="rc_select_TEST_OR_SSR_list"
                                        autocomplete="off"
                                        class="ant-select-selection-search-input"
                                        id="rc_select_TEST_OR_SSR"
                                        readonly=""
                                        role="combobox"
                                        style="opacity: 0;"
                                        type="search"
                                        unselectable="on"
                                        value=""
                                      />
                                    </span>
                                    <span
                                      class="ant-select-selection-item"
                                      title="10 / page"
                                    >
                                      10 / page
                                    </span>
                                  </div>
                                  <span
                                    aria-hidden="true"
                                    class="ant-select-arrow"
                                    style="user-select: none;"
                                    unselectable="on"
                                  >
                                    <span
                                      aria-label="down"
                                      class="anticon anticon-down ant-select-suffix"
                                      role="img"
                                    >
                                      <svg
                                        aria-hidden="true"
                                        data-icon="down"
                                        fill="currentColor"
                                        focusable="false"
                                        height="1em"
                                        viewBox="64 64 896 896"
                                        width="1em"
                                      >
                                        <path
                                          d="M884 256h-75c-5.1 0-9.9 2.5-12.9 6.6L512 654.2 227.9 262.6c-3-4.1-7.8-6.6-12.9-6.6h-75c-6.5 0-10.3 7.4-6.5 12.7l352.6 486.1c12.8 17.6 39 17.6 51.7 0l352.6-486.1c3.9-5.3.1-12.7-6.4-12.7z"
                                        />
                                      </svg>
                                    </span>
                                  </span>
                                </div>
                              </li>
                            </ul>
                          </div>
                        </div>
                      </div>
                    </div>
                  </div>
                </div>
                <div
                  aria-hidden="true"
                  aria-labelledby="rc-tabs-test-tab-role"
                  class="ant-tabs-tabpane"
                  id="rc-tabs-test-panel-role"
                  role="tabpanel"
                  style="display: none;"
                  tabindex="-1"
                />
                <div
                  aria-hidden="true"
                  aria-labelledby="rc-tabs-test-tab-userGroup"
                  class="ant-tabs-tabpane"
                  id="rc-tabs-test-panel-userGroup"
                  role="tabpanel"
                  style="display: none;"
                  tabindex="-1"
                />
              </div>
            </div>
          </div>
        </div>
      </div>
    </section>
  </article>
</div>
`;
