// Jest Snapshot v1, https://goo.gl/fbAQLP

exports[`RuleTemplate should render page header and describe 1`] = `
<article
  className="rule-template-page-namespace"
>
  <PageHeader
    ghost={false}
    title="ruleTemplate.pageTitle"
  >
    ruleTemplate.pageDescribe
  </PageHeader>
  <section
    className="padding-content"
  >
    <Outlet />
  </section>
</article>
`;
