// Jest Snapshot v1, https://goo.gl/fbAQLP

exports[`test useConditionalConfig should match snapshot with renderReadOnlyModeConfig 1`] = `
<div>
  <div
    class="ant-descriptions"
  >
    <div
      class="ant-descriptions-view"
    >
      <table>
        <tbody>
          <tr
            class="ant-descriptions-row"
          >
            <td
              class="ant-descriptions-item"
              colspan="3"
            >
              <div
                class="ant-descriptions-item-container"
              >
                <span
                  class="ant-descriptions-item-label"
                >
                  label1
                </span>
                <span
                  class="ant-descriptions-item-content"
                >
                  true
                </span>
              </div>
            </td>
          </tr>
          <tr
            class="ant-descriptions-row"
          >
            <td
              class="ant-descriptions-item"
              colspan="3"
            >
              <div
                class="ant-descriptions-item-container"
              >
                <span
                  class="ant-descriptions-item-label"
                >
                  label2
                </span>
                <span
                  class="ant-descriptions-item-content"
                >
                  test1
                </span>
              </div>
            </td>
          </tr>
          <tr
            class="ant-descriptions-row"
          >
            <td
              class="ant-descriptions-item"
              colspan="3"
            >
              <div
                class="ant-descriptions-item-container"
              >
                <span
                  class="ant-descriptions-item-label"
                >
                  label4
                </span>
                <span
                  class="ant-descriptions-item-content"
                >
                  --
                </span>
              </div>
            </td>
          </tr>
          <tr
            class="ant-descriptions-row"
          >
            <td
              class="ant-descriptions-item"
              colspan="3"
            >
              <div
                class="ant-descriptions-item-container"
              >
                <span
                  class="ant-descriptions-item-label"
                >
                  label5
                </span>
                <span
                  class="ant-descriptions-item-content"
                >
                  10
                </span>
              </div>
            </td>
          </tr>
          <tr
            class="ant-descriptions-row"
          >
            <td
              class="ant-descriptions-item"
              colspan="3"
            >
              <div
                class="ant-descriptions-item-container"
              >
                <span
                  class="ant-descriptions-item-content"
                >
                  <span>
                     extra
                  </span>
                </span>
              </div>
            </td>
          </tr>
        </tbody>
      </table>
    </div>
  </div>
</div>
`;
