// Jest Snapshot v1, https://goo.gl/fbAQLP

exports[`test Member should match snapshot 1`] = `
<article>
  <PageHeader
    ghost={false}
    title="member.pageTitle"
  />
  <section
    className="padding-content"
  >
    <MemberList />
    <UserGroupList />
  </section>
  <MemberModal />
</article>
`;
