// Jest Snapshot v1, https://goo.gl/fbAQLP

exports[`PlanDetail should match snapshot 1`] = `
<Fragment>
  <PageHeader
    extra={
      Array [
        <BackButton />,
      ]
    }
    ghost={false}
    style={
      Object {
        "marginBottom": 24,
      }
    }
    title="auditPlan.detailPage.pageTitle"
  >
    <ForwardRef>
      auditPlan.detailPage.auditTaskType
    </ForwardRef>
    auditPlan.detailPage.pageDesc
  </PageHeader>
  <PlanDetail />
</Fragment>
`;
