// Jest Snapshot v1, https://goo.gl/fbAQLP

exports[`test CommonLine should match snapshot 1`] = `
<div>
  <div
    anglefield="percent"
    color="[\\"#1890ff\\",\\"#ffa940\\",\\"#eb2f96\\",\\"#ff9c6e\\",\\"#fadb14\\",\\"#bae637\\",\\"#ffd666\\",\\"#52c41a\\",\\"#5cdbd3\\"]"
    colorfield="instance_type"
    data="[{\\"instance_type\\":\\"Mysql\\",\\"percent\\":27},{\\"instance_type\\":\\"Oracle\\",\\"percent\\":25},{\\"instance_type\\":\\"Redis\\",\\"percent\\":18},{\\"instance_type\\":\\"MongoDB\\",\\"percent\\":15},{\\"instance_type\\":\\"TiDB\\",\\"percent\\":5}]"
    h="3"
    height="328"
    interactions="[{\\"type\\":\\"element-active\\"}]"
    label="{\\"type\\":\\"inner\\",\\"offset\\":\\"-30%\\",\\"style\\":{\\"fontSize\\":14,\\"textAlign\\":\\"center\\"}}"
    locale="zh-CN"
    padding="auto"
    radius="1"
    theme="light"
  />
</div>
`;
