// Jest Snapshot v1, https://goo.gl/fbAQLP

exports[`test CommonRadialBar should match snapshot 1`] = `
<div>
  <div
    annotations="[{\\"type\\":\\"html\\",\\"position\\":[\\"50%\\",\\"50%\\"]}]"
    barbackground="{}"
    color="[\\"#1890ff\\",\\"#ffa940\\",\\"#eb2f96\\",\\"#ff9c6e\\",\\"#fadb14\\",\\"#bae637\\",\\"#ffd666\\",\\"#52c41a\\",\\"#5cdbd3\\"]"
    colorfield="type"
    data="[{\\"type\\":\\"test1\\",\\"percent\\":0.1},{\\"type\\":\\"test2\\",\\"percent\\":0.4},{\\"type\\":\\"test3\\",\\"percent\\":1.1}]"
    h="3"
    height="328"
    innerradius="0.2"
    locale="zh-CN"
    maxangle="350"
    radius="1"
    theme="light"
    xfield="type"
    yfield="percent"
  />
</div>
`;
